Job started on nid005204 -> Running accuracy tests for gt4py
Using Python at: /users/class182/HPC4WC_venv/bin/python
Python 3.12.5
